Archive member included because of file (symbol)

c:/program files (x86)/gnu tools arm embedded/4.8 2014q3/bin/../lib/gcc/arm-none-eabi/4.8.4/../../../../arm-none-eabi/lib/armv7e-m\libg_s.a(lib_a-errno.o)
                              ./system/src/newlib/_sbrk.o (__errno)
c:/program files (x86)/gnu tools arm embedded/4.8 2014q3/bin/../lib/gcc/arm-none-eabi/4.8.4/../../../../arm-none-eabi/lib/armv7e-m\libg_s.a(lib_a-impure.o)
                              c:/program files (x86)/gnu tools arm embedded/4.8 2014q3/bin/../lib/gcc/arm-none-eabi/4.8.4/../../../../arm-none-eabi/lib/armv7e-m\libg_s.a(lib_a-errno.o) (_impure_ptr)
c:/program files (x86)/gnu tools arm embedded/4.8 2014q3/bin/../lib/gcc/arm-none-eabi/4.8.4/../../../../arm-none-eabi/lib/armv7e-m\libg_s.a(lib_a-memset.o)
                              ./system/src/stm32f4-hal/stm32f4xx_hal_sd.o (memset)
c:/program files (x86)/gnu tools arm embedded/4.8 2014q3/bin/../lib/gcc/arm-none-eabi/4.8.4/../../../../arm-none-eabi/lib/armv7e-m\libg_s.a(lib_a-strlen.o)
                              ./system/src/diag/Trace.o (strlen)
c:/program files (x86)/gnu tools arm embedded/4.8 2014q3/bin/../lib/gcc/arm-none-eabi/4.8.4/../../../../arm-none-eabi/lib/armv7e-m\libg_s.a(lib_a-vsnprintf.o)
                              ./system/src/diag/Trace.o (vsnprintf)
c:/program files (x86)/gnu tools arm embedded/4.8 2014q3/bin/../lib/gcc/arm-none-eabi/4.8.4/../../../../arm-none-eabi/lib/armv7e-m\libg_s.a(lib_a-svfprintf.o)
                              c:/program files (x86)/gnu tools arm embedded/4.8 2014q3/bin/../lib/gcc/arm-none-eabi/4.8.4/../../../../arm-none-eabi/lib/armv7e-m\libg_s.a(lib_a-vsnprintf.o) (_svfprintf_r)
c:/program files (x86)/gnu tools arm embedded/4.8 2014q3/bin/../lib/gcc/arm-none-eabi/4.8.4/../../../../arm-none-eabi/lib/armv7e-m\libg_s.a(lib_a-vfprintf_i.o)
                              c:/program files (x86)/gnu tools arm embedded/4.8 2014q3/bin/../lib/gcc/arm-none-eabi/4.8.4/../../../../arm-none-eabi/lib/armv7e-m\libg_s.a(lib_a-svfprintf.o) (_printf_i)
c:/program files (x86)/gnu tools arm embedded/4.8 2014q3/bin/../lib/gcc/arm-none-eabi/4.8.4/../../../../arm-none-eabi/lib/armv7e-m\libg_s.a(lib_a-memchr-stub.o)
                              c:/program files (x86)/gnu tools arm embedded/4.8 2014q3/bin/../lib/gcc/arm-none-eabi/4.8.4/../../../../arm-none-eabi/lib/armv7e-m\libg_s.a(lib_a-svfprintf.o) (memchr)
c:/program files (x86)/gnu tools arm embedded/4.8 2014q3/bin/../lib/gcc/arm-none-eabi/4.8.4/../../../../arm-none-eabi/lib/armv7e-m\libg_s.a(lib_a-memcpy-stub.o)
                              c:/program files (x86)/gnu tools arm embedded/4.8 2014q3/bin/../lib/gcc/arm-none-eabi/4.8.4/../../../../arm-none-eabi/lib/armv7e-m\libg_s.a(lib_a-svfprintf.o) (memcpy)
c:/program files (x86)/gnu tools arm embedded/4.8 2014q3/bin/../lib/gcc/arm-none-eabi/4.8.4/../../../../arm-none-eabi/lib/armv7e-m\libg_s.a(lib_a-memmove.o)
                              c:/program files (x86)/gnu tools arm embedded/4.8 2014q3/bin/../lib/gcc/arm-none-eabi/4.8.4/../../../../arm-none-eabi/lib/armv7e-m\libg_s.a(lib_a-svfprintf.o) (memmove)
c:/program files (x86)/gnu tools arm embedded/4.8 2014q3/bin/../lib/gcc/arm-none-eabi/4.8.4/../../../../arm-none-eabi/lib/armv7e-m\libg_s.a(lib_a-nano-freer.o)
                              c:/program files (x86)/gnu tools arm embedded/4.8 2014q3/bin/../lib/gcc/arm-none-eabi/4.8.4/../../../../arm-none-eabi/lib/armv7e-m\libg_s.a(lib_a-svfprintf.o) (_free_r)
c:/program files (x86)/gnu tools arm embedded/4.8 2014q3/bin/../lib/gcc/arm-none-eabi/4.8.4/../../../../arm-none-eabi/lib/armv7e-m\libg_s.a(lib_a-nano-mallocr.o)
                              c:/program files (x86)/gnu tools arm embedded/4.8 2014q3/bin/../lib/gcc/arm-none-eabi/4.8.4/../../../../arm-none-eabi/lib/armv7e-m\libg_s.a(lib_a-svfprintf.o) (_malloc_r)
c:/program files (x86)/gnu tools arm embedded/4.8 2014q3/bin/../lib/gcc/arm-none-eabi/4.8.4/../../../../arm-none-eabi/lib/armv7e-m\libg_s.a(lib_a-nano-reallocr.o)
                              c:/program files (x86)/gnu tools arm embedded/4.8 2014q3/bin/../lib/gcc/arm-none-eabi/4.8.4/../../../../arm-none-eabi/lib/armv7e-m\libg_s.a(lib_a-svfprintf.o) (_realloc_r)
c:/program files (x86)/gnu tools arm embedded/4.8 2014q3/bin/../lib/gcc/arm-none-eabi/4.8.4/../../../../arm-none-eabi/lib/armv7e-m\libg_s.a(lib_a-sbrkr.o)
                              c:/program files (x86)/gnu tools arm embedded/4.8 2014q3/bin/../lib/gcc/arm-none-eabi/4.8.4/../../../../arm-none-eabi/lib/armv7e-m\libg_s.a(lib_a-nano-mallocr.o) (_sbrk_r)
c:/program files (x86)/gnu tools arm embedded/4.8 2014q3/bin/../lib/gcc/arm-none-eabi/4.8.4/../../../../arm-none-eabi/lib/armv7e-m\libg_s.a(lib_a-nano-msizer.o)
                              c:/program files (x86)/gnu tools arm embedded/4.8 2014q3/bin/../lib/gcc/arm-none-eabi/4.8.4/../../../../arm-none-eabi/lib/armv7e-m\libg_s.a(lib_a-nano-reallocr.o) (_malloc_usable_size_r)

Allocating common symbols
[...]
Memory Configuration

Name             Origin             Length             Attributes
RAM              0x20000000         0x00020000         xrw
CCMRAM           0x10000000         0x00010000         xrw
FLASH            0x08000000         0x00100000         xr
FLASHB1          0x00000000         0x00000000         xr
EXTMEMB0         0x00000000         0x00000000         xr
EXTMEMB1         0x00000000         0x00000000         xr
EXTMEMB2         0x00000000         0x00000000         xr
EXTMEMB3         0x00000000         0x00000000         xr
MEMORY_ARRAY     0x20002000         0x00000020         xrw
*default*        0x00000000         0xffffffff

Linker script and memory map

LOAD ./system/src/stm32f4-hal/stm32f4xx_hal.o
LOAD ./system/src/stm32f4-hal/stm32f4xx_hal_adc.o
LOAD ./system/src/stm32f4-hal/stm32f4xx_hal_adc_ex.o
LOAD ./system/src/stm32f4-hal/stm32f4xx_hal_can.o
LOAD ./system/src/stm32f4-hal/stm32f4xx_hal_cortex.o
LOAD ./system/src/stm32f4-hal/stm32f4xx_hal_crc.o
LOAD ./system/src/stm32f4-hal/stm32f4xx_hal_cryp.o
LOAD ./system/src/stm32f4-hal/stm32f4xx_hal_cryp_ex.o
LOAD ./system/src/stm32f4-hal/stm32f4xx_hal_dac.o
LOAD ./system/src/stm32f4-hal/stm32f4xx_hal_dac_ex.o
LOAD ./system/src/stm32f4-hal/stm32f4xx_hal_dcmi.o
LOAD ./system/src/stm32f4-hal/stm32f4xx_hal_dma.o
LOAD ./system/src/stm32f4-hal/stm32f4xx_hal_dma2d.o
LOAD ./system/src/stm32f4-hal/stm32f4xx_hal_dma_ex.o
LOAD ./system/src/stm32f4-hal/stm32f4xx_hal_eth.o
LOAD ./system/src/stm32f4-hal/stm32f4xx_hal_flash.o
LOAD ./system/src/stm32f4-hal/stm32f4xx_hal_flash_ex.o
LOAD ./system/src/stm32f4-hal/stm32f4xx_hal_flash_ramfunc.o
LOAD ./system/src/stm32f4-hal/stm32f4xx_hal_gpio.o
LOAD ./system/src/stm32f4-hal/stm32f4xx_hal_hash.o
LOAD ./system/src/stm32f4-hal/stm32f4xx_hal_hash_ex.o
LOAD ./system/src/stm32f4-hal/stm32f4xx_hal_hcd.o
LOAD ./system/src/stm32f4-hal/stm32f4xx_hal_i2c.o
LOAD ./system/src/stm32f4-hal/stm32f4xx_hal_i2c_ex.o
LOAD ./system/src/stm32f4-hal/stm32f4xx_hal_i2s.o
LOAD ./system/src/stm32f4-hal/stm32f4xx_hal_i2s_ex.o
LOAD ./system/src/stm32f4-hal/stm32f4xx_hal_irda.o
LOAD ./system/src/stm32f4-hal/stm32f4xx_hal_iwdg.o
LOAD ./system/src/stm32f4-hal/stm32f4xx_hal_ltdc.o
LOAD ./system/src/stm32f4-hal/stm32f4xx_hal_nand.o
LOAD ./system/src/stm32f4-hal/stm32f4xx_hal_nor.o
LOAD ./system/src/stm32f4-hal/stm32f4xx_hal_pccard.o
LOAD ./system/src/stm32f4-hal/stm32f4xx_hal_pcd.o
LOAD ./system/src/stm32f4-hal/stm32f4xx_hal_pcd_ex.o
LOAD ./system/src/stm32f4-hal/stm32f4xx_hal_pwr.o
LOAD ./system/src/stm32f4-hal/stm32f4xx_hal_pwr_ex.o
LOAD ./system/src/stm32f4-hal/stm32f4xx_hal_rcc.o
LOAD ./system/src/stm32f4-hal/stm32f4xx_hal_rcc_ex.o
LOAD ./system/src/stm32f4-hal/stm32f4xx_hal_rng.o
LOAD ./system/src/stm32f4-hal/stm32f4xx_hal_rtc.o
LOAD ./system/src/stm32f4-hal/stm32f4xx_hal_rtc_ex.o
LOAD ./system/src/stm32f4-hal/stm32f4xx_hal_sai.o
LOAD ./system/src/stm32f4-hal/stm32f4xx_hal_sd.o
LOAD ./system/src/stm32f4-hal/stm32f4xx_hal_sdram.o
LOAD ./system/src/stm32f4-hal/stm32f4xx_hal_smartcard.o
LOAD ./system/src/stm32f4-hal/stm32f4xx_hal_spi.o
LOAD ./system/src/stm32f4-hal/stm32f4xx_hal_sram.o
LOAD ./system/src/stm32f4-hal/stm32f4xx_hal_tim.o
LOAD ./system/src/stm32f4-hal/stm32f4xx_hal_tim_ex.o
LOAD ./system/src/stm32f4-hal/stm32f4xx_hal_uart.o
LOAD ./system/src/stm32f4-hal/stm32f4xx_hal_usart.o
LOAD ./system/src/stm32f4-hal/stm32f4xx_hal_wwdg.o
LOAD ./system/src/stm32f4-hal/stm32f4xx_ll_fmc.o
LOAD ./system/src/stm32f4-hal/stm32f4xx_ll_fsmc.o
LOAD ./system/src/stm32f4-hal/stm32f4xx_ll_sdmmc.o
LOAD ./system/src/stm32f4-hal/stm32f4xx_ll_usb.o
LOAD ./system/src/newlib/_cxx.o
LOAD ./system/src/newlib/_exit.o
LOAD ./system/src/newlib/_sbrk.o
LOAD ./system/src/newlib/_startup.o
LOAD ./system/src/newlib/_syscalls.o
LOAD ./system/src/newlib/_write.o
LOAD ./system/src/newlib/assert.o
LOAD ./system/src/diag/Trace.o
LOAD ./system/src/diag/trace_impl.o
LOAD ./system/src/cortexm/_initialize_hardware.o
LOAD ./system/src/cortexm/_reset_hardware.o
LOAD ./system/src/cortexm/exception_handlers.o
LOAD ./system/src/cmsis/system_stm32f4xx.o
LOAD ./system/src/cmsis/vectors_stm32f4xx.o
LOAD ./src/_initialize_hardware.o
LOAD ./src/main.o
LOAD ./bsp/bsp.o
LOAD ./bsp/it.o
LOAD c:/program files (x86)/gnu tools arm embedded/4.8 2014q3/bin/../lib/gcc/arm-none-eabi/4.8.4/../../../../arm-none-eabi/lib/armv7e-m\libstdc++_s.a
LOAD c:/program files (x86)/gnu tools arm embedded/4.8 2014q3/bin/../lib/gcc/arm-none-eabi/4.8.4/../../../../arm-none-eabi/lib/armv7e-m\libm.a
START GROUP
LOAD c:/program files (x86)/gnu tools arm embedded/4.8 2014q3/bin/../lib/gcc/arm-none-eabi/4.8.4/armv7e-m\libgcc.a
LOAD c:/program files (x86)/gnu tools arm embedded/4.8 2014q3/bin/../lib/gcc/arm-none-eabi/4.8.4/../../../../arm-none-eabi/lib/armv7e-m\libg_s.a
LOAD c:/program files (x86)/gnu tools arm embedded/4.8 2014q3/bin/../lib/gcc/arm-none-eabi/4.8.4/../../../../arm-none-eabi/lib/armv7e-m\libc_s.a
END GROUP
START GROUP
LOAD c:/program files (x86)/gnu tools arm embedded/4.8 2014q3/bin/../lib/gcc/arm-none-eabi/4.8.4/armv7e-m\libgcc.a
LOAD c:/program files (x86)/gnu tools arm embedded/4.8 2014q3/bin/../lib/gcc/arm-none-eabi/4.8.4/../../../../arm-none-eabi/lib/armv7e-m\libc_s.a
END GROUP
                0x20020000                __stack = (ORIGIN (RAM) + 0x20000)
                0x20020000                _estack = __stack
                0x00000400                __Main_Stack_Size = 0x400
                0x00000400                PROVIDE (_Main_Stack_Size, __Main_Stack_Size)
                0x2001fc00                __Main_Stack_Limit = (__stack - __Main_Stack_Size)
                0x2001fc00                PROVIDE (_Main_Stack_Limit, __Main_Stack_Limit)
                0x00000100                _Minimum_Stack_Size = 0x100
                0x2000011c                PROVIDE (_Heap_Begin, _end_noinit)
                0x2001fc00                PROVIDE (_Heap_Limit, (__stack - __Main_Stack_Size))

.isr_vector     0x08000000      0x2c4
                0x08000000                . = ALIGN (0x4)
 *(.isr_vector)
 .isr_vector    0x08000000      0x188 ./system/src/cmsis/vectors_stm32f4xx.o
                0x08000000                __isr_vectors
 *(.cfmconfig)
 *(.after_vectors .after_vectors.*)
 .after_vectors
                0x08000188      0x10c ./system/src/newlib/_startup.o
                0x08000188                _start
 .after_vectors
                0x08000294       0x2c ./system/src/cortexm/exception_handlers.o
                0x08000294                Reset_Handler
                0x0800029c                NMI_Handler
                0x080002a0                HardFault_Handler
                0x080002a4                MemManage_Handler
                0x080002a8                BusFault_Handler
                0x080002ac                UsageFault_Handler
                0x080002b0                SVC_Handler
                0x080002b4                DebugMon_Handler
                0x080002b8                PendSV_Handler
 .after_vectors
                0x080002c0        0x4 ./system/src/cmsis/vectors_stm32f4xx.o
                0x080002c0                RTC_Alarm_IRQHandler
                0x080002c0                HASH_RNG_IRQHandler
                0x080002c0                EXTI2_IRQHandler
                0x080002c0                TIM8_CC_IRQHandler
                0x080002c0                SPI4_IRQHandler
                0x080002c0                TIM1_CC_IRQHandler
                0x080002c0                DMA2_Stream5_IRQHandler
                0x080002c0                DMA1_Stream5_IRQHandler
                0x080002c0                PVD_IRQHandler
                0x080002c0                SDIO_IRQHandler
                0x080002c0                TAMP_STAMP_IRQHandler
                0x080002c0                CAN2_RX1_IRQHandler
                0x080002c0                EXTI3_IRQHandler
                0x080002c0                TIM8_TRG_COM_TIM14_IRQHandler
                0x080002c0                TIM1_UP_TIM10_IRQHandler
                0x080002c0                TIM8_UP_TIM13_IRQHandler
                0x080002c0                I2C3_ER_IRQHandler
                0x080002c0                EXTI0_IRQHandler
                0x080002c0                I2C2_EV_IRQHandler
                0x080002c0                DMA1_Stream2_IRQHandler
                0x080002c0                CAN1_RX0_IRQHandler
                0x080002c0                FPU_IRQHandler
                0x080002c0                OTG_HS_WKUP_IRQHandler
                0x080002c0                CAN2_SCE_IRQHandler
                0x080002c0                DMA2_Stream2_IRQHandler
                0x080002c0                SPI1_IRQHandler
                0x080002c0                TIM6_DAC_IRQHandler
                0x080002c0                TIM1_BRK_TIM9_IRQHandler
                0x080002c0                DCMI_IRQHandler
                0x080002c0                CAN2_RX0_IRQHandler
                0x080002c0                DMA2_Stream3_IRQHandler
                0x080002c0                USART6_IRQHandler
                0x080002c0                USART3_IRQHandler
                0x080002c0                CRYP_IRQHandler
                0x080002c0                CAN1_RX1_IRQHandler
                0x080002c0                UART5_IRQHandler
                0x080002c0                DMA2_Stream0_IRQHandler
                0x080002c0                TIM4_IRQHandler
                0x080002c0                I2C1_EV_IRQHandler
                0x080002c0                DMA1_Stream6_IRQHandler
                0x080002c0                DMA1_Stream1_IRQHandler
                0x080002c0                UART4_IRQHandler
                0x080002c0                TIM3_IRQHandler
                0x080002c0                RCC_IRQHandler
                0x080002c0                TIM8_BRK_TIM12_IRQHandler
                0x080002c0                Default_Handler
                0x080002c0                EXTI15_10_IRQHandler
                0x080002c0                ADC_IRQHandler
                0x080002c0                DMA1_Stream7_IRQHandler
                0x080002c0                SPI5_IRQHandler
                0x080002c0                TIM7_IRQHandler
                0x080002c0                CAN2_TX_IRQHandler
                0x080002c0                TIM5_IRQHandler
                0x080002c0                DMA2_Stream7_IRQHandler
                0x080002c0                I2C3_EV_IRQHandler
                0x080002c0                EXTI9_5_IRQHandler
                0x080002c0                RTC_WKUP_IRQHandler
                0x080002c0                ETH_WKUP_IRQHandler
                0x080002c0                SPI2_IRQHandler
                0x080002c0                OTG_HS_EP1_IN_IRQHandler
                0x080002c0                DMA1_Stream0_IRQHandler
                0x080002c0                CAN1_TX_IRQHandler
                0x080002c0                EXTI4_IRQHandler
                0x080002c0                FSMC_IRQHandler
                0x080002c0                ETH_IRQHandler
                0x080002c0                OTG_HS_EP1_OUT_IRQHandler
                0x080002c0                WWDG_IRQHandler
                0x080002c0                TIM2_IRQHandler
                0x080002c0                OTG_FS_WKUP_IRQHandler
                0x080002c0                TIM1_TRG_COM_TIM11_IRQHandler
                0x080002c0                OTG_HS_IRQHandler
                0x080002c0                EXTI1_IRQHandler
                0x080002c0                USART2_IRQHandler
                0x080002c0                I2C2_ER_IRQHandler
                0x080002c0                DMA2_Stream1_IRQHandler
                0x080002c0                CAN1_SCE_IRQHandler
                0x080002c0                FLASH_IRQHandler
                0x080002c0                DMA2_Stream4_IRQHandler
                0x080002c0                USART1_IRQHandler
                0x080002c0                OTG_FS_IRQHandler
                0x080002c0                SPI3_IRQHandler
                0x080002c0                DMA1_Stream4_IRQHandler
                0x080002c0                I2C1_ER_IRQHandler
                0x080002c0                DMA2_Stream6_IRQHandler
                0x080002c0                DMA1_Stream3_IRQHandler
                0x080002c4                . = ALIGN (0x4)

.inits          0x080002c4        0x0
                0x080002c4                . = ALIGN (0x4)
 *(.init)
 *(.fini)
                0x080002c4                . = ALIGN (0x4)
                0x080002c4                PROVIDE (__preinit_array_start, .)
 *(.preinit_array_sysinit .preinit_array_sysinit.*)
 *(.preinit_array_platform .preinit_array_platform.*)
 *(.preinit_array .preinit_array.*)
                0x080002c4                PROVIDE (__preinit_array_end, .)
                0x080002c4                . = ALIGN (0x4)
                0x080002c4                PROVIDE (__init_array_start, .)
 *(SORT(.init_array.*))
 *(.init_array)
                0x080002c4                PROVIDE (__init_array_end, .)
                0x080002c4                . = ALIGN (0x4)
                0x080002c4                PROVIDE (__fini_array_start, .)
 *(SORT(.fini_array.*))
 *(.fini_array)
                0x080002c4                PROVIDE (__fini_array_end, .)
                0x080002c4                . = ALIGN (0x4)

.flashtext      0x080002c4        0x0
                0x080002c4                . = ALIGN (0x4)
 *(.flashtext .flashtext.*)
                0x080002c4                . = ALIGN (0x4)

.text           0x080002c4     0x1a39
                0x080002c4                . = ALIGN (0x4)
 *(.text .text.*)
 .text.HAL_InitTick
                0x080002c4       0x28 ./system/src/stm32f4-hal/stm32f4xx_hal.o
                0x080002c4                HAL_InitTick
 .text.HAL_Init
                0x080002ec       0x34 ./system/src/stm32f4-hal/stm32f4xx_hal.o
                0x080002ec                HAL_Init
 .text.HAL_IncTick
                0x08000320       0x10 ./system/src/stm32f4-hal/stm32f4xx_hal.o
                0x08000320                HAL_IncTick
 .text.HAL_GetTick
                0x08000330        0xc ./system/src/stm32f4-hal/stm32f4xx_hal.o
                0x08000330                HAL_GetTick
 .text.HAL_Delay
                0x0800033c       0x1c ./system/src/stm32f4-hal/stm32f4xx_hal.o
                0x0800033c                HAL_Delay
 .text.HAL_NVIC_SetPriorityGrouping
                0x08000358       0x3c ./system/src/stm32f4-hal/stm32f4xx_hal_cortex.o
                0x08000358                HAL_NVIC_SetPriorityGrouping
 .text.HAL_NVIC_SetPriority
                0x08000394       0x84 ./system/src/stm32f4-hal/stm32f4xx_hal_cortex.o
                0x08000394                HAL_NVIC_SetPriority
 .text.HAL_SYSTICK_Config
                0x08000418       0x2c ./system/src/stm32f4-hal/stm32f4xx_hal_cortex.o
                0x08000418                HAL_SYSTICK_Config
 .text.HAL_SYSTICK_Callback
                0x08000444        0x4 ./system/src/stm32f4-hal/stm32f4xx_hal_cortex.o
                0x08000444                HAL_SYSTICK_Callback
 .text.HAL_SYSTICK_IRQHandler
                0x08000448        0x8 ./system/src/stm32f4-hal/stm32f4xx_hal_cortex.o
                0x08000448                HAL_SYSTICK_IRQHandler
 .text.HAL_GPIO_Init
                0x08000450      0x2d4 ./system/src/stm32f4-hal/stm32f4xx_hal_gpio.o
                0x08000450                HAL_GPIO_Init
 .text.HAL_GPIO_WritePin
                0x08000724       0x30 ./system/src/stm32f4-hal/stm32f4xx_hal_gpio.o
                0x08000724                HAL_GPIO_WritePin
 .text.HAL_GPIO_TogglePin
                0x08000754       0x20 ./system/src/stm32f4-hal/stm32f4xx_hal_gpio.o
                0x08000754                HAL_GPIO_TogglePin
 .text.HAL_RCC_OscConfig
                0x08000774      0x4b0 ./system/src/stm32f4-hal/stm32f4xx_hal_rcc.o
                0x08000774                HAL_RCC_OscConfig
 .text.HAL_RCC_ClockConfig
                0x08000c24      0x350 ./system/src/stm32f4-hal/stm32f4xx_hal_rcc.o
                0x08000c24                HAL_RCC_ClockConfig
 .text.HAL_RCC_GetSysClockFreq
                0x08000f74       0xb0 ./system/src/stm32f4-hal/stm32f4xx_hal_rcc.o
                0x08000f74                HAL_RCC_GetSysClockFreq
 .text.HAL_RCC_GetHCLKFreq
                0x08001024       0x38 ./system/src/stm32f4-hal/stm32f4xx_hal_rcc.o
                0x08001024                HAL_RCC_GetHCLKFreq
 .text._exit    0x0800105c        0x4 ./system/src/newlib/_exit.o
                0x0800105c                _exit
 .text.abort    0x08001060       0x14 ./system/src/newlib/_exit.o
                0x08001060                abort
 .text._sbrk    0x08001074       0x44 ./system/src/newlib/_sbrk.o
                0x08001074                _sbrk
 .text.__initialize_args
                0x080010b8       0x10 ./system/src/newlib/_syscalls.o
                0x080010b8                __initialize_args
 .text.assert_failed
                0x080010c8       0x18 ./system/src/newlib/assert.o
                0x080010c8                assert_failed
 .text.trace_printf
                0x080010e0       0x34 ./system/src/diag/Trace.o
                0x080010e0                trace_printf
 .text.trace_puts
                0x08001114       0x20 ./system/src/diag/Trace.o
                0x08001114                trace_puts
 .text._trace_write_itm
                0x08001134       0x3c ./system/src/diag/trace_impl.o
 .text.trace_write
                0x08001170        0x8 ./system/src/diag/trace_impl.o
                0x08001170                trace_write
 .text.SystemInit
                0x08001178       0x40 ./system/src/cmsis/system_stm32f4xx.o
                0x08001178                SystemInit
 .text.configure_system_clock
                0x080011b8       0x68 ./src/_initialize_hardware.o
                0x080011b8                configure_system_clock
 .text.__initialize_hardware
                0x08001220       0x10 ./src/_initialize_hardware.o
                0x08001220                __initialize_hardware
 .text.main     0x08001230       0x20 ./src/main.o
                0x08001230                main
 .text.LedInit  0x08001250       0x50 ./bsp/bsp.o
                0x08001250                LedInit
 .text.HAL_MspInit
                0x080012a0        0xc ./bsp/bsp.o
                0x080012a0                HAL_MspInit
 .text.LedOn    0x080012ac       0x34 ./bsp/bsp.o
                0x080012ac                LedOn
 .text.LedToogle
                0x080012e0       0x30 ./bsp/bsp.o
                0x080012e0                LedToogle
 .text.SysTick_Handler
                0x08001310        0xc ./bsp/it.o
                0x08001310                SysTick_Handler
 .text.__errno  0x0800131c        0xc c:/program files (x86)/gnu tools arm embedded/4.8 2014q3/bin/../lib/gcc/arm-none-eabi/4.8.4/../../../../arm-none-eabi/lib/armv7e-m\libg_s.a(lib_a-errno.o)
                0x0800131c                __errno
 .text.strlen   0x08001328       0x10 c:/program files (x86)/gnu tools arm embedded/4.8 2014q3/bin/../lib/gcc/arm-none-eabi/4.8.4/../../../../arm-none-eabi/lib/armv7e-m\libg_s.a(lib_a-strlen.o)
                0x08001328                strlen
 .text._vsnprintf_r
                0x08001338       0x52 c:/program files (x86)/gnu tools arm embedded/4.8 2014q3/bin/../lib/gcc/arm-none-eabi/4.8.4/../../../../arm-none-eabi/lib/armv7e-m\libg_s.a(lib_a-vsnprintf.o)
                0x08001338                _vsniprintf_r
                0x08001338                _vsnprintf_r
 *fill*         0x0800138a        0x2 
 .text.vsnprintf
                0x0800138c       0x20 c:/program files (x86)/gnu tools arm embedded/4.8 2014q3/bin/../lib/gcc/arm-none-eabi/4.8.4/../../../../arm-none-eabi/lib/armv7e-m\libg_s.a(lib_a-vsnprintf.o)
                0x0800138c                vsniprintf
                0x0800138c                vsnprintf
 .text.__ssputs_r
                0x080013ac       0xb8 c:/program files (x86)/gnu tools arm embedded/4.8 2014q3/bin/../lib/gcc/arm-none-eabi/4.8.4/../../../../arm-none-eabi/lib/armv7e-m\libg_s.a(lib_a-svfprintf.o)
                0x080013ac                __ssputs_r
 .text._svfprintf_r
                0x08001464      0x1dc c:/program files (x86)/gnu tools arm embedded/4.8 2014q3/bin/../lib/gcc/arm-none-eabi/4.8.4/../../../../arm-none-eabi/lib/armv7e-m\libg_s.a(lib_a-svfprintf.o)
                0x08001464                _svfiprintf_r
                0x08001464                _svfprintf_r
 .text._printf_common
                0x08001640       0xe4 c:/program files (x86)/gnu tools arm embedded/4.8 2014q3/bin/../lib/gcc/arm-none-eabi/4.8.4/../../../../arm-none-eabi/lib/armv7e-m\libg_s.a(lib_a-vfprintf_i.o)
                0x08001640                _printf_common
 .text._printf_i
                0x08001724      0x228 c:/program files (x86)/gnu tools arm embedded/4.8 2014q3/bin/../lib/gcc/arm-none-eabi/4.8.4/../../../../arm-none-eabi/lib/armv7e-m\libg_s.a(lib_a-vfprintf_i.o)
                0x08001724                _printf_i
 .text.memchr   0x0800194c       0x1e c:/program files (x86)/gnu tools arm embedded/4.8 2014q3/bin/../lib/gcc/arm-none-eabi/4.8.4/../../../../arm-none-eabi/lib/armv7e-m\libg_s.a(lib_a-memchr-stub.o)
                0x0800194c                memchr
 .text.memcpy   0x0800196a       0x12 c:/program files (x86)/gnu tools arm embedded/4.8 2014q3/bin/../lib/gcc/arm-none-eabi/4.8.4/../../../../arm-none-eabi/lib/armv7e-m\libg_s.a(lib_a-memcpy-stub.o)
                0x0800196a                memcpy
 .text.memmove  0x0800197c       0x36 c:/program files (x86)/gnu tools arm embedded/4.8 2014q3/bin/../lib/gcc/arm-none-eabi/4.8.4/../../../../arm-none-eabi/lib/armv7e-m\libg_s.a(lib_a-memmove.o)
                0x0800197c                memmove
 *fill*         0x080019b2        0x2 
 .text._free_r  0x080019b4       0x88 c:/program files (x86)/gnu tools arm embedded/4.8 2014q3/bin/../lib/gcc/arm-none-eabi/4.8.4/../../../../arm-none-eabi/lib/armv7e-m\libg_s.a(lib_a-nano-freer.o)
                0x080019b4                _free_r
 .text._malloc_r
                0x08001a3c       0xa8 c:/program files (x86)/gnu tools arm embedded/4.8 2014q3/bin/../lib/gcc/arm-none-eabi/4.8.4/../../../../arm-none-eabi/lib/armv7e-m\libg_s.a(lib_a-nano-mallocr.o)
                0x08001a3c                _malloc_r
 .text._realloc_r
                0x08001ae4       0x4c c:/program files (x86)/gnu tools arm embedded/4.8 2014q3/bin/../lib/gcc/arm-none-eabi/4.8.4/../../../../arm-none-eabi/lib/armv7e-m\libg_s.a(lib_a-nano-reallocr.o)
                0x08001ae4                _realloc_r
 .text._sbrk_r  0x08001b30       0x20 c:/program files (x86)/gnu tools arm embedded/4.8 2014q3/bin/../lib/gcc/arm-none-eabi/4.8.4/../../../../arm-none-eabi/lib/armv7e-m\libg_s.a(lib_a-sbrkr.o)
                0x08001b30                _sbrk_r
 .text._malloc_usable_size_r
                0x08001b50       0x12 c:/program files (x86)/gnu tools arm embedded/4.8 2014q3/bin/../lib/gcc/arm-none-eabi/4.8.4/../../../../arm-none-eabi/lib/armv7e-m\libg_s.a(lib_a-nano-msizer.o)
                0x08001b50                _malloc_usable_size_r
 *(.rodata .rodata.*)
 *fill*         0x08001b62        0x2 
 .rodata.str1.4
                0x08001b64       0x31 ./system/src/stm32f4-hal/stm32f4xx_hal_cortex.o
                                 0x34 (size before relaxing)
 *fill*         0x08001b95        0x3 
 .rodata.str1.4
                0x08001b98       0x2f ./system/src/stm32f4-hal/stm32f4xx_hal_gpio.o
                                 0x30 (size before relaxing)
 *fill*         0x08001bc7        0x1 
 .rodata.APBAHBPrescTable
                0x08001bc8       0x10 ./system/src/stm32f4-hal/stm32f4xx_hal_rcc.o
                0x08001bc8                APBAHBPrescTable
 .rodata.str1.4
                0x08001bd8       0x2e ./system/src/stm32f4-hal/stm32f4xx_hal_rcc.o
                                 0x30 (size before relaxing)
 *fill*         0x08001c06        0x2 
 .rodata.str1.4
                0x08001c08       0x14 ./system/src/newlib/_exit.o
 .rodata.str1.4
                0x08001c1c       0x6b ./system/src/newlib/assert.o
                                 0x70 (size before relaxing)
 *fill*         0x08001c87        0x1 
 .rodata.str1.4
                0x08001c88       0x2d ./system/src/diag/Trace.o
                                 0x30 (size before relaxing)
 *fill*         0x08001cb5        0x3 
 .rodata.str1.4
                0x08001cb8       0x10 ./bsp/bsp.o
 .rodata.str1.1
                0x08001cc8        0x2 c:/program files (x86)/gnu tools arm embedded/4.8 2014q3/bin/../lib/gcc/arm-none-eabi/4.8.4/../../../../arm-none-eabi/lib/armv7e-m\libg_s.a(lib_a-impure.o)
 .rodata.str1.1
                0x08001cca       0x11 c:/program files (x86)/gnu tools arm embedded/4.8 2014q3/bin/../lib/gcc/arm-none-eabi/4.8.4/../../../../arm-none-eabi/lib/armv7e-m\libg_s.a(lib_a-svfprintf.o)
 .rodata.str1.1
                0x08001cdb       0x22 c:/program files (x86)/gnu tools arm embedded/4.8 2014q3/bin/../lib/gcc/arm-none-eabi/4.8.4/../../../../arm-none-eabi/lib/armv7e-m\libg_s.a(lib_a-vfprintf_i.o)
 *(vtable)
 *(.eh_frame*)
 *(.glue_7)
 .glue_7        0x00000000        0x0 linker stubs
 *(.glue_7t)
 .glue_7t       0x00000000        0x0 linker stubs

.vfp11_veneer   0x08001d00        0x0
 .vfp11_veneer  0x00000000        0x0 linker stubs

.v4_bx          0x08001d00        0x0
 .v4_bx         0x00000000        0x0 linker stubs

.iplt           0x08001d00        0x0
 .iplt          0x00000000        0x0 ./system/src/stm32f4-hal/stm32f4xx_hal.o

.rel.dyn        0x08001d00        0x0
 .rel.iplt      0x00000000        0x0 ./system/src/stm32f4-hal/stm32f4xx_hal.o

.ARM.extab
 *(.ARM.extab* .gnu.linkonce.armextab.*)
                0x08001d00                __exidx_start = .

.ARM.exidx
 *(.ARM.exidx* .gnu.linkonce.armexidx.*)
                0x08001d00                __exidx_end = .
                0x08001d00                . = ALIGN (0x4)
                0x08001d00                _etext = .
                0x08001d00                __etext = .
                0x08001d00                _sidata = _etext

.data           0x20000000       0x78 load address 0x08001d00
                0x20000000                . = ALIGN (0x4)
                0x20000000                _sdata = .
                0x20000000                __data_start__ = .
 *(.data_begin .data_begin.*)
 .data_begin    0x20000000        0x4 ./system/src/newlib/_startup.o
 *(.data .data.*)
 .data.argv.4461
                0x20000004        0x8 ./system/src/newlib/_syscalls.o
 .data.SystemCoreClock
                0x2000000c        0x4 ./system/src/cmsis/system_stm32f4xx.o
                0x2000000c                SystemCoreClock
 .data.impure_data
                0x20000010       0x60 c:/program files (x86)/gnu tools arm embedded/4.8 2014q3/bin/../lib/gcc/arm-none-eabi/4.8.4/../../../../arm-none-eabi/lib/armv7e-m\libg_s.a(lib_a-impure.o)
 .data._impure_ptr
                0x20000070        0x4 c:/program files (x86)/gnu tools arm embedded/4.8 2014q3/bin/../lib/gcc/arm-none-eabi/4.8.4/../../../../arm-none-eabi/lib/armv7e-m\libg_s.a(lib_a-impure.o)
                0x20000070                _impure_ptr
 *(.data_end .data_end.*)
 .data_end      0x20000074        0x4 ./system/src/newlib/_startup.o
                0x20000078                . = ALIGN (0x4)
                0x20000078                _edata = .
                0x20000078                __data_end__ = .

.igot.plt       0x20000078        0x0 load address 0x08001d78
 .igot.plt      0x00000000        0x0 ./system/src/stm32f4-hal/stm32f4xx_hal.o

.bss            0x20000078       0xa4 load address 0x08001d78
                0x20000078                . = ALIGN (0x4)
                0x20000078                __bss_start__ = .
                0x20000078                _sbss = .
 *(.bss_begin .bss_begin.*)
 .bss_begin     0x20000078        0x4 ./system/src/newlib/_startup.o
 *(.bss .bss.*)
 .bss.uwTick    0x2000007c        0x4 ./system/src/stm32f4-hal/stm32f4xx_hal.o
 .bss.current_heap_end.4289
                0x20000080        0x4 ./system/src/newlib/_sbrk.o
 .bss.name.4460
                0x20000084        0x4 ./system/src/newlib/_syscalls.o
 .bss.buf.5352  0x20000088       0x80 ./system/src/diag/Trace.o
 .bss.__malloc_sbrk_start
                0x20000108        0x4 c:/program files (x86)/gnu tools arm embedded/4.8 2014q3/bin/../lib/gcc/arm-none-eabi/4.8.4/../../../../arm-none-eabi/lib/armv7e-m\libg_s.a(lib_a-nano-mallocr.o)
                0x20000108                __malloc_sbrk_start
 .bss.__malloc_free_list
                0x2000010c        0x4 c:/program files (x86)/gnu tools arm embedded/4.8 2014q3/bin/../lib/gcc/arm-none-eabi/4.8.4/../../../../arm-none-eabi/lib/armv7e-m\libg_s.a(lib_a-nano-mallocr.o)
                0x2000010c                __malloc_free_list
 *(COMMON)
 COMMON         0x20000110        0x4 ./system/src/newlib/_syscalls.o
                0x20000110                errno
 COMMON         0x20000114        0x1 ./bsp/bsp.o
                0x20000114                LedEnable
 *(.bss_end .bss_end.*)
 *fill*         0x20000115        0x3 
 .bss_end       0x20000118        0x4 ./system/src/newlib/_startup.o
                0x2000011c                . = ALIGN (0x4)
                0x2000011c                __bss_end__ = .
                0x2000011c                _ebss = .

.noinit         0x2000011c        0x0
                0x2000011c                . = ALIGN (0x4)
                0x2000011c                _noinit = .
 *(.noinit .noinit.*)
                0x2000011c                . = ALIGN (0x4)
                0x2000011c                _end_noinit = .
                0x2000011c                PROVIDE (end, _end_noinit)
                0x2000011c                PROVIDE (_end, _end_noinit)
                0x2000011c                PROVIDE (__end, _end_noinit)
                0x2000011c                PROVIDE (__end__, _end_noinit)

._check_stack   0x2000011c      0x100 load address 0x08001e1c
                0x2000011c                . = ALIGN (0x4)
                0x2000021c                . = (. + _Minimum_Stack_Size)
 *fill*         0x2000011c      0x100 
                0x2000021c                . = ALIGN (0x4)

.bss_CCMRAM
 *(.bss.CCMRAM .bss.CCMRAM.*)

.b1text
 *(.b1text)
 *(.b1rodata)
 *(.b1rodata.*)

.eb0text
 *(.eb0text)
 *(.eb0rodata)
 *(.eb0rodata.*)

.eb1text
 *(.eb1text)
 *(.eb1rodata)
 *(.eb1rodata.*)

.eb2text
 *(.eb2text)
 *(.eb2rodata)
 *(.eb2rodata.*)

.eb3text
 *(.eb3text)
 *(.eb3rodata)
 *(.eb3rodata.*)

.stab
 *(.stab)

.stabstr
 *(.stabstr)

.stab.excl
 *(.stab.excl)

.stab.exclstr
 *(.stab.exclstr)

.stab.index
 *(.stab.index)

.stab.indexstr
 *(.stab.indexstr)

.comment        0x00000000       0x70
 *(.comment)
 .comment       0x00000000       0x70 ./system/src/stm32f4-hal/stm32f4xx_hal.o
                                 0x71 (size before relaxing)
 .comment       0x00000000       0x71 ./system/src/stm32f4-hal/stm32f4xx_hal_cortex.o
 .comment       0x00000000       0x71 ./system/src/stm32f4-hal/stm32f4xx_hal_gpio.o
 .comment       0x00000000       0x71 ./system/src/stm32f4-hal/stm32f4xx_hal_rcc.o
 .comment       0x00000000       0x71 ./system/src/newlib/_exit.o
 .comment       0x00000000       0x71 ./system/src/newlib/_sbrk.o
 .comment       0x00000000       0x71 ./system/src/newlib/_startup.o
 .comment       0x00000000       0x71 ./system/src/newlib/_syscalls.o
 .comment       0x00000000       0x71 ./system/src/newlib/assert.o
 .comment       0x00000000       0x71 ./system/src/diag/Trace.o
 .comment       0x00000000       0x71 ./system/src/diag/trace_impl.o
 .comment       0x00000000       0x71 ./system/src/cortexm/exception_handlers.o
 .comment       0x00000000       0x71 ./system/src/cmsis/system_stm32f4xx.o
 .comment       0x00000000       0x71 ./system/src/cmsis/vectors_stm32f4xx.o
 .comment       0x00000000       0x71 ./src/_initialize_hardware.o
 .comment       0x00000000       0x71 ./src/main.o
 .comment       0x00000000       0x71 ./bsp/bsp.o
 .comment       0x00000000       0x71 ./bsp/it.o

.ARM.attributes
                0x00000000       0x33
 .ARM.attributes
                0x00000000       0x33 ./system/src/stm32f4-hal/stm32f4xx_hal.o
 .ARM.attributes
                0x00000033       0x33 ./system/src/stm32f4-hal/stm32f4xx_hal_cortex.o
 .ARM.attributes
                0x00000066       0x33 ./system/src/stm32f4-hal/stm32f4xx_hal_gpio.o
 .ARM.attributes
                0x00000099       0x33 ./system/src/stm32f4-hal/stm32f4xx_hal_rcc.o
 .ARM.attributes
                0x000000cc       0x33 ./system/src/newlib/_exit.o
 .ARM.attributes
                0x000000ff       0x33 ./system/src/newlib/_sbrk.o
 .ARM.attributes
                0x00000132       0x33 ./system/src/newlib/_startup.o
 .ARM.attributes
                0x00000165       0x33 ./system/src/newlib/_syscalls.o
 .ARM.attributes
                0x00000198       0x33 ./system/src/newlib/assert.o
 .ARM.attributes
                0x000001cb       0x33 ./system/src/diag/Trace.o
 .ARM.attributes
                0x000001fe       0x33 ./system/src/diag/trace_impl.o
 .ARM.attributes
                0x00000231       0x33 ./system/src/cortexm/exception_handlers.o
 .ARM.attributes
                0x00000264       0x33 ./system/src/cmsis/system_stm32f4xx.o
 .ARM.attributes
                0x00000297       0x33 ./system/src/cmsis/vectors_stm32f4xx.o
 .ARM.attributes
                0x000002ca       0x33 ./src/_initialize_hardware.o
 .ARM.attributes
                0x000002fd       0x33 ./src/main.o
 .ARM.attributes
                0x00000330       0x33 ./bsp/bsp.o
 .ARM.attributes
                0x00000363       0x33 ./bsp/it.o
 .ARM.attributes
                0x00000396       0x2e c:/program files (x86)/gnu tools arm embedded/4.8 2014q3/bin/../lib/gcc/arm-none-eabi/4.8.4/../../../../arm-none-eabi/lib/armv7e-m\libg_s.a(lib_a-errno.o)
 .ARM.attributes
                0x000003c4       0x2e c:/program files (x86)/gnu tools arm embedded/4.8 2014q3/bin/../lib/gcc/arm-none-eabi/4.8.4/../../../../arm-none-eabi/lib/armv7e-m\libg_s.a(lib_a-impure.o)
 .ARM.attributes
                0x000003f2       0x2e c:/program files (x86)/gnu tools arm embedded/4.8 2014q3/bin/../lib/gcc/arm-none-eabi/4.8.4/../../../../arm-none-eabi/lib/armv7e-m\libg_s.a(lib_a-strlen.o)
 .ARM.attributes
                0x00000420       0x2e c:/program files (x86)/gnu tools arm embedded/4.8 2014q3/bin/../lib/gcc/arm-none-eabi/4.8.4/../../../../arm-none-eabi/lib/armv7e-m\libg_s.a(lib_a-vsnprintf.o)
 .ARM.attributes
                0x0000044e       0x2e c:/program files (x86)/gnu tools arm embedded/4.8 2014q3/bin/../lib/gcc/arm-none-eabi/4.8.4/../../../../arm-none-eabi/lib/armv7e-m\libg_s.a(lib_a-svfprintf.o)
 .ARM.attributes
                0x0000047c       0x2e c:/program files (x86)/gnu tools arm embedded/4.8 2014q3/bin/../lib/gcc/arm-none-eabi/4.8.4/../../../../arm-none-eabi/lib/armv7e-m\libg_s.a(lib_a-vfprintf_i.o)
 .ARM.attributes
                0x000004aa       0x2e c:/program files (x86)/gnu tools arm embedded/4.8 2014q3/bin/../lib/gcc/arm-none-eabi/4.8.4/../../../../arm-none-eabi/lib/armv7e-m\libg_s.a(lib_a-memchr-stub.o)
 .ARM.attributes
                0x000004d8       0x2e c:/program files (x86)/gnu tools arm embedded/4.8 2014q3/bin/../lib/gcc/arm-none-eabi/4.8.4/../../../../arm-none-eabi/lib/armv7e-m\libg_s.a(lib_a-memcpy-stub.o)
 .ARM.attributes
                0x00000506       0x2e c:/program files (x86)/gnu tools arm embedded/4.8 2014q3/bin/../lib/gcc/arm-none-eabi/4.8.4/../../../../arm-none-eabi/lib/armv7e-m\libg_s.a(lib_a-memmove.o)
 .ARM.attributes
                0x00000534       0x2e c:/program files (x86)/gnu tools arm embedded/4.8 2014q3/bin/../lib/gcc/arm-none-eabi/4.8.4/../../../../arm-none-eabi/lib/armv7e-m\libg_s.a(lib_a-nano-freer.o)
 .ARM.attributes
                0x00000562       0x2e c:/program files (x86)/gnu tools arm embedded/4.8 2014q3/bin/../lib/gcc/arm-none-eabi/4.8.4/../../../../arm-none-eabi/lib/armv7e-m\libg_s.a(lib_a-nano-mallocr.o)
 .ARM.attributes
                0x00000590       0x2e c:/program files (x86)/gnu tools arm embedded/4.8 2014q3/bin/../lib/gcc/arm-none-eabi/4.8.4/../../../../arm-none-eabi/lib/armv7e-m\libg_s.a(lib_a-nano-reallocr.o)
 .ARM.attributes
                0x000005be       0x2e c:/program files (x86)/gnu tools arm embedded/4.8 2014q3/bin/../lib/gcc/arm-none-eabi/4.8.4/../../../../arm-none-eabi/lib/armv7e-m\libg_s.a(lib_a-sbrkr.o)
 .ARM.attributes
                0x000005ec       0x2e c:/program files (x86)/gnu tools arm embedded/4.8 2014q3/bin/../lib/gcc/arm-none-eabi/4.8.4/../../../../arm-none-eabi/lib/armv7e-m\libg_s.a(lib_a-nano-msizer.o)

.debug
 *(.debug)

.line
 *(.line)

.debug_srcinfo
 *(.debug_srcinfo)

.debug_sfnames
 *(.debug_sfnames)

.debug_aranges  0x00000000      0x578
 *(.debug_aranges)
 .debug_aranges
                0x00000000       0xc0 ./system/src/stm32f4-hal/stm32f4xx_hal.o
 .debug_aranges
                0x000000c0       0x90 ./system/src/stm32f4-hal/stm32f4xx_hal_cortex.o
 .debug_aranges
                0x00000150       0x58 ./system/src/stm32f4-hal/stm32f4xx_hal_gpio.o
 .debug_aranges
                0x000001a8       0x88 ./system/src/stm32f4-hal/stm32f4xx_hal_rcc.o
 .debug_aranges
                0x00000230       0x28 ./system/src/newlib/_exit.o
 .debug_aranges
                0x00000258       0x20 ./system/src/newlib/_sbrk.o
 .debug_aranges
                0x00000278       0x40 ./system/src/newlib/_startup.o
 .debug_aranges
                0x000002b8       0xd0 ./system/src/newlib/_syscalls.o
 .debug_aranges
                0x00000388       0x28 ./system/src/newlib/assert.o
 .debug_aranges
                0x000003b0       0x38 ./system/src/diag/Trace.o
 .debug_aranges
                0x000003e8       0x30 ./system/src/diag/trace_impl.o
 .debug_aranges
                0x00000418       0x68 ./system/src/cortexm/exception_handlers.o
 .debug_aranges
                0x00000480       0x28 ./system/src/cmsis/system_stm32f4xx.o
 .debug_aranges
                0x000004a8       0x20 ./system/src/cmsis/vectors_stm32f4xx.o
 .debug_aranges
                0x000004c8       0x28 ./src/_initialize_hardware.o
 .debug_aranges
                0x000004f0       0x20 ./src/main.o
 .debug_aranges
                0x00000510       0x48 ./bsp/bsp.o
 .debug_aranges
                0x00000558       0x20 ./bsp/it.o

.debug_pubnames
 *(.debug_pubnames)

.debug_info     0x00000000     0x5d7c
 *(.debug_info .gnu.linkonce.wi.*)
 .debug_info    0x00000000      0x8a2 ./system/src/stm32f4-hal/stm32f4xx_hal.o
 .debug_info    0x000008a2      0xd92 ./system/src/stm32f4-hal/stm32f4xx_hal_cortex.o
 .debug_info    0x00001634      0x833 ./system/src/stm32f4-hal/stm32f4xx_hal_gpio.o
 .debug_info    0x00001e67     0x1343 ./system/src/stm32f4-hal/stm32f4xx_hal_rcc.o
 .debug_info    0x000031aa      0x100 ./system/src/newlib/_exit.o
 .debug_info    0x000032aa      0x125 ./system/src/newlib/_sbrk.o
 .debug_info    0x000033cf      0x469 ./system/src/newlib/_startup.o
 .debug_info    0x00003838      0x8f3 ./system/src/newlib/_syscalls.o
 .debug_info    0x0000412b      0x1cd ./system/src/newlib/assert.o
 .debug_info    0x000042f8      0x325 ./system/src/diag/Trace.o
 .debug_info    0x0000461d      0x3fe ./system/src/diag/trace_impl.o
 .debug_info    0x00004a1b       0xe9 ./system/src/cortexm/exception_handlers.o
 .debug_info    0x00004b04      0x4a7 ./system/src/cmsis/system_stm32f4xx.o
 .debug_info    0x00004fab       0x92 ./system/src/cmsis/vectors_stm32f4xx.o
 .debug_info    0x0000503d      0x4c6 ./src/_initialize_hardware.o
 .debug_info    0x00005503      0x173 ./src/main.o
 .debug_info    0x00005676      0x624 ./bsp/bsp.o
 .debug_info    0x00005c9a       0xe2 ./bsp/it.o

.debug_abbrev   0x00000000     0x1896
 *(.debug_abbrev)
 .debug_abbrev  0x00000000      0x1f7 ./system/src/stm32f4-hal/stm32f4xx_hal.o
 .debug_abbrev  0x000001f7      0x2c5 ./system/src/stm32f4-hal/stm32f4xx_hal_cortex.o
 .debug_abbrev  0x000004bc      0x1fe ./system/src/stm32f4-hal/stm32f4xx_hal_gpio.o
 .debug_abbrev  0x000006ba      0x2fb ./system/src/stm32f4-hal/stm32f4xx_hal_rcc.o
 .debug_abbrev  0x000009b5       0xa4 ./system/src/newlib/_exit.o
 .debug_abbrev  0x00000a59       0xbb ./system/src/newlib/_sbrk.o
 .debug_abbrev  0x00000b14      0x1da ./system/src/newlib/_startup.o
 .debug_abbrev  0x00000cee      0x178 ./system/src/newlib/_syscalls.o
 .debug_abbrev  0x00000e66       0xc9 ./system/src/newlib/assert.o
 .debug_abbrev  0x00000f2f      0x178 ./system/src/diag/Trace.o
 .debug_abbrev  0x000010a7      0x188 ./system/src/diag/trace_impl.o
 .debug_abbrev  0x0000122f       0x65 ./system/src/cortexm/exception_handlers.o
 .debug_abbrev  0x00001294      0x104 ./system/src/cmsis/system_stm32f4xx.o
 .debug_abbrev  0x00001398       0x92 ./system/src/cmsis/vectors_stm32f4xx.o
 .debug_abbrev  0x0000142a      0x17e ./src/_initialize_hardware.o
 .debug_abbrev  0x000015a8       0xd5 ./src/main.o
 .debug_abbrev  0x0000167d      0x191 ./bsp/bsp.o
 .debug_abbrev  0x0000180e       0x88 ./bsp/it.o

.debug_line     0x00000000     0x71c8
 *(.debug_line)
 .debug_line    0x00000000      0x969 ./system/src/stm32f4-hal/stm32f4xx_hal.o
 .debug_line    0x00000969      0x9a1 ./system/src/stm32f4-hal/stm32f4xx_hal_cortex.o
 .debug_line    0x0000130a      0x97a ./system/src/stm32f4-hal/stm32f4xx_hal_gpio.o
 .debug_line    0x00001c84      0xd02 ./system/src/stm32f4-hal/stm32f4xx_hal_rcc.o
 .debug_line    0x00002986      0x2b2 ./system/src/newlib/_exit.o
 .debug_line    0x00002c38      0x264 ./system/src/newlib/_sbrk.o
 .debug_line    0x00002e9c      0x327 ./system/src/newlib/_startup.o
 .debug_line    0x000031c3      0x4cf ./system/src/newlib/_syscalls.o
 .debug_line    0x00003692      0x2e9 ./system/src/newlib/assert.o
 .debug_line    0x0000397b      0x380 ./system/src/diag/Trace.o
 .debug_line    0x00003cfb      0x8ec ./system/src/diag/trace_impl.o
 .debug_line    0x000045e7       0x9f ./system/src/cortexm/exception_handlers.o
 .debug_line    0x00004686      0x820 ./system/src/cmsis/system_stm32f4xx.o
 .debug_line    0x00004ea6       0x89 ./system/src/cmsis/vectors_stm32f4xx.o
 .debug_line    0x00004f2f      0x813 ./src/_initialize_hardware.o
 .debug_line    0x00005742      0x8d3 ./src/main.o
 .debug_line    0x00006015      0x921 ./bsp/bsp.o
 .debug_line    0x00006936      0x892 ./bsp/it.o

.debug_frame    0x00000000      0xe14
 *(.debug_frame)
 .debug_frame   0x00000000      0x184 ./system/src/stm32f4-hal/stm32f4xx_hal.o
 .debug_frame   0x00000184      0x134 ./system/src/stm32f4-hal/stm32f4xx_hal_cortex.o
 .debug_frame   0x000002b8       0xf4 ./system/src/stm32f4-hal/stm32f4xx_hal_gpio.o
 .debug_frame   0x000003ac      0x140 ./system/src/stm32f4-hal/stm32f4xx_hal_rcc.o
 .debug_frame   0x000004ec       0x38 ./system/src/newlib/_exit.o
 .debug_frame   0x00000524       0x28 ./system/src/newlib/_sbrk.o
 .debug_frame   0x0000054c       0x80 ./system/src/newlib/_startup.o
 .debug_frame   0x000005cc      0x230 ./system/src/newlib/_syscalls.o
 .debug_frame   0x000007fc       0x40 ./system/src/newlib/assert.o
 .debug_frame   0x0000083c       0x84 ./system/src/diag/Trace.o
 .debug_frame   0x000008c0       0x50 ./system/src/diag/trace_impl.o
 .debug_frame   0x00000910       0xb8 ./system/src/cortexm/exception_handlers.o
 .debug_frame   0x000009c8       0x30 ./system/src/cmsis/system_stm32f4xx.o
 .debug_frame   0x000009f8       0x20 ./system/src/cmsis/vectors_stm32f4xx.o
 .debug_frame   0x00000a18       0x44 ./src/_initialize_hardware.o
 .debug_frame   0x00000a5c       0x28 ./src/main.o
 .debug_frame   0x00000a84       0xa4 ./bsp/bsp.o
 .debug_frame   0x00000b28       0x28 ./bsp/it.o
 .debug_frame   0x00000b50       0x20 c:/program files (x86)/gnu tools arm embedded/4.8 2014q3/bin/../lib/gcc/arm-none-eabi/4.8.4/../../../../arm-none-eabi/lib/armv7e-m\libg_s.a(lib_a-errno.o)
 .debug_frame   0x00000b70       0x20 c:/program files (x86)/gnu tools arm embedded/4.8 2014q3/bin/../lib/gcc/arm-none-eabi/4.8.4/../../../../arm-none-eabi/lib/armv7e-m\libg_s.a(lib_a-strlen.o)
 .debug_frame   0x00000b90       0x4c c:/program files (x86)/gnu tools arm embedded/4.8 2014q3/bin/../lib/gcc/arm-none-eabi/4.8.4/../../../../arm-none-eabi/lib/armv7e-m\libg_s.a(lib_a-vsnprintf.o)
 .debug_frame   0x00000bdc       0x88 c:/program files (x86)/gnu tools arm embedded/4.8 2014q3/bin/../lib/gcc/arm-none-eabi/4.8.4/../../../../arm-none-eabi/lib/armv7e-m\libg_s.a(lib_a-svfprintf.o)
 .debug_frame   0x00000c64       0x60 c:/program files (x86)/gnu tools arm embedded/4.8 2014q3/bin/../lib/gcc/arm-none-eabi/4.8.4/../../../../arm-none-eabi/lib/armv7e-m\libg_s.a(lib_a-vfprintf_i.o)
 .debug_frame   0x00000cc4       0x28 c:/program files (x86)/gnu tools arm embedded/4.8 2014q3/bin/../lib/gcc/arm-none-eabi/4.8.4/../../../../arm-none-eabi/lib/armv7e-m\libg_s.a(lib_a-memchr-stub.o)
 .debug_frame   0x00000cec       0x28 c:/program files (x86)/gnu tools arm embedded/4.8 2014q3/bin/../lib/gcc/arm-none-eabi/4.8.4/../../../../arm-none-eabi/lib/armv7e-m\libg_s.a(lib_a-memcpy-stub.o)
 .debug_frame   0x00000d14       0x2c c:/program files (x86)/gnu tools arm embedded/4.8 2014q3/bin/../lib/gcc/arm-none-eabi/4.8.4/../../../../arm-none-eabi/lib/armv7e-m\libg_s.a(lib_a-memmove.o)
 .debug_frame   0x00000d40       0x2c c:/program files (x86)/gnu tools arm embedded/4.8 2014q3/bin/../lib/gcc/arm-none-eabi/4.8.4/../../../../arm-none-eabi/lib/armv7e-m\libg_s.a(lib_a-nano-freer.o)
 .debug_frame   0x00000d6c       0x2c c:/program files (x86)/gnu tools arm embedded/4.8 2014q3/bin/../lib/gcc/arm-none-eabi/4.8.4/../../../../arm-none-eabi/lib/armv7e-m\libg_s.a(lib_a-nano-mallocr.o)
 .debug_frame   0x00000d98       0x30 c:/program files (x86)/gnu tools arm embedded/4.8 2014q3/bin/../lib/gcc/arm-none-eabi/4.8.4/../../../../arm-none-eabi/lib/armv7e-m\libg_s.a(lib_a-nano-reallocr.o)
 .debug_frame   0x00000dc8       0x2c c:/program files (x86)/gnu tools arm embedded/4.8 2014q3/bin/../lib/gcc/arm-none-eabi/4.8.4/../../../../arm-none-eabi/lib/armv7e-m\libg_s.a(lib_a-sbrkr.o)
 .debug_frame   0x00000df4       0x20 c:/program files (x86)/gnu tools arm embedded/4.8 2014q3/bin/../lib/gcc/arm-none-eabi/4.8.4/../../../../arm-none-eabi/lib/armv7e-m\libg_s.a(lib_a-nano-msizer.o)

.debug_str      0x00000000    0x83383
 *(.debug_str)
 .debug_str     0x00000000    0x7cd47 ./system/src/stm32f4-hal/stm32f4xx_hal.o
                              0x7cef7 (size before relaxing)
 .debug_str     0x0007cd47      0x2a3 ./system/src/stm32f4-hal/stm32f4xx_hal_cortex.o
                              0x7ccc3 (size before relaxing)
 .debug_str     0x0007cfea      0x600 ./system/src/stm32f4-hal/stm32f4xx_hal_gpio.o
                              0x7caff (size before relaxing)
 .debug_str     0x0007d5ea      0x437 ./system/src/stm32f4-hal/stm32f4xx_hal_rcc.o
                              0x7ca0f (size before relaxing)
 .debug_str     0x0007da21     0x2803 ./system/src/newlib/_exit.o
                               0x4f25 (size before relaxing)
 .debug_str     0x00080224      0x4de ./system/src/newlib/_sbrk.o
                               0x44db (size before relaxing)
 .debug_str     0x00080702      0x24c ./system/src/newlib/_startup.o
                               0x3f4b (size before relaxing)
 .debug_str     0x0008094e      0xe3b ./system/src/newlib/_syscalls.o
                               0x539a (size before relaxing)
 .debug_str     0x00081789       0xd0 ./system/src/newlib/assert.o
                               0x58e8 (size before relaxing)
 .debug_str     0x00081859     0x175d ./system/src/diag/Trace.o
                               0x660c (size before relaxing)
 .debug_str     0x00082fb6       0xd7 ./system/src/diag/trace_impl.o
                              0x7e040 (size before relaxing)
 .debug_str     0x0008308d       0xe8 ./system/src/cortexm/exception_handlers.o
                               0x2567 (size before relaxing)
 .debug_str     0x00083175       0x67 ./system/src/cmsis/system_stm32f4xx.o
                              0x7c573 (size before relaxing)
 .debug_str     0x000831dc       0x57 ./system/src/cmsis/vectors_stm32f4xx.o
                               0x2504 (size before relaxing)
 .debug_str     0x00083233       0x35 ./src/_initialize_hardware.o
                              0x7c660 (size before relaxing)
 .debug_str     0x00083268       0xd2 ./src/main.o
                              0x7f32c (size before relaxing)
 .debug_str     0x0008333a       0x3d ./bsp/bsp.o
                              0x7e1e7 (size before relaxing)
 .debug_str     0x00083377        0xc ./bsp/it.o
                              0x7dfc2 (size before relaxing)

.debug_loc      0x00000000     0x201b
 *(.debug_loc)
 .debug_loc     0x00000000       0x6a ./system/src/stm32f4-hal/stm32f4xx_hal.o
 .debug_loc     0x0000006a      0x63b ./system/src/stm32f4-hal/stm32f4xx_hal_cortex.o
 .debug_loc     0x000006a5      0x40d ./system/src/stm32f4-hal/stm32f4xx_hal_gpio.o
 .debug_loc     0x00000ab2      0x893 ./system/src/stm32f4-hal/stm32f4xx_hal_rcc.o
 .debug_loc     0x00001345       0x6b ./system/src/newlib/_sbrk.o
 .debug_loc     0x000013b0      0x265 ./system/src/newlib/_startup.o
 .debug_loc     0x00001615      0x549 ./system/src/newlib/_syscalls.o
 .debug_loc     0x00001b5e      0x102 ./system/src/newlib/assert.o
 .debug_loc     0x00001c60       0xf7 ./system/src/diag/Trace.o
 .debug_loc     0x00001d57       0x97 ./system/src/diag/trace_impl.o
 .debug_loc     0x00001dee      0x125 ./system/src/cmsis/system_stm32f4xx.o
 .debug_loc     0x00001f13       0x42 ./src/main.o
 .debug_loc     0x00001f55       0xc6 ./bsp/bsp.o

.debug_macinfo
 *(.debug_macinfo)

.debug_weaknames
 *(.debug_weaknames)

.debug_funcnames
 *(.debug_funcnames)

.debug_typenames
 *(.debug_typenames)

.debug_varnames
 *(.debug_varnames)
OUTPUT(RobonAUT_Pelda1.elf elf32-littlearm)

.debug_ranges   0x00000000      0x470
 .debug_ranges  0x00000000       0xb0 ./system/src/stm32f4-hal/stm32f4xx_hal.o
 .debug_ranges  0x000000b0       0x80 ./system/src/stm32f4-hal/stm32f4xx_hal_cortex.o
 .debug_ranges  0x00000130       0x48 ./system/src/stm32f4-hal/stm32f4xx_hal_gpio.o
 .debug_ranges  0x00000178       0x78 ./system/src/stm32f4-hal/stm32f4xx_hal_rcc.o
 .debug_ranges  0x000001f0       0x18 ./system/src/newlib/_exit.o
 .debug_ranges  0x00000208       0x10 ./system/src/newlib/_sbrk.o
 .debug_ranges  0x00000218       0x48 ./system/src/newlib/_startup.o
 .debug_ranges  0x00000260       0xc0 ./system/src/newlib/_syscalls.o
 .debug_ranges  0x00000320       0x18 ./system/src/newlib/assert.o
 .debug_ranges  0x00000338       0x28 ./system/src/diag/Trace.o
 .debug_ranges  0x00000360       0x20 ./system/src/diag/trace_impl.o
 .debug_ranges  0x00000380       0x58 ./system/src/cortexm/exception_handlers.o
 .debug_ranges  0x000003d8       0x18 ./system/src/cmsis/system_stm32f4xx.o
 .debug_ranges  0x000003f0       0x10 ./system/src/cmsis/vectors_stm32f4xx.o
 .debug_ranges  0x00000400       0x18 ./src/_initialize_hardware.o
 .debug_ranges  0x00000418       0x10 ./src/main.o
 .debug_ranges  0x00000428       0x38 ./bsp/bsp.o
 .debug_ranges  0x00000460       0x10 ./bsp/it.o

.debug_macro    0x00000000    0x14dcc
 .debug_macro   0x00000000      0x351 ./system/src/stm32f4-hal/stm32f4xx_hal.o
 .debug_macro   0x00000351      0x87a ./system/src/stm32f4-hal/stm32f4xx_hal.o
 .debug_macro   0x00000bcb      0x250 ./system/src/stm32f4-hal/stm32f4xx_hal.o
 .debug_macro   0x00000e1b       0x28 ./system/src/stm32f4-hal/stm32f4xx_hal.o
 .debug_macro   0x00000e43       0x28 ./system/src/stm32f4-hal/stm32f4xx_hal.o
 .debug_macro   0x00000e6b       0x3b ./system/src/stm32f4-hal/stm32f4xx_hal.o
 .debug_macro   0x00000ea6       0x16 ./system/src/stm32f4-hal/stm32f4xx_hal.o
 .debug_macro   0x00000ebc       0x44 ./system/src/stm32f4-hal/stm32f4xx_hal.o
 .debug_macro   0x00000f00      0x209 ./system/src/stm32f4-hal/stm32f4xx_hal.o
 .debug_macro   0x00001109       0x2d ./system/src/stm32f4-hal/stm32f4xx_hal.o
 .debug_macro   0x00001136       0x26 ./system/src/stm32f4-hal/stm32f4xx_hal.o
 .debug_macro   0x0000115c      0xd39 ./system/src/stm32f4-hal/stm32f4xx_hal.o
 .debug_macro   0x00001e95     0x8fae ./system/src/stm32f4-hal/stm32f4xx_hal.o
 .debug_macro   0x0000ae43       0x43 ./system/src/stm32f4-hal/stm32f4xx_hal.o
 .debug_macro   0x0000ae86       0x57 ./system/src/stm32f4-hal/stm32f4xx_hal.o
 .debug_macro   0x0000aedd      0xb9c ./system/src/stm32f4-hal/stm32f4xx_hal.o
 .debug_macro   0x0000ba79      0x40f ./system/src/stm32f4-hal/stm32f4xx_hal.o
 .debug_macro   0x0000be88      0x13f ./system/src/stm32f4-hal/stm32f4xx_hal.o
 .debug_macro   0x0000bfc7      0x137 ./system/src/stm32f4-hal/stm32f4xx_hal.o
 .debug_macro   0x0000c0fe      0x2cd ./system/src/stm32f4-hal/stm32f4xx_hal.o
 .debug_macro   0x0000c3cb       0x52 ./system/src/stm32f4-hal/stm32f4xx_hal.o
 .debug_macro   0x0000c41d      0x3ec ./system/src/stm32f4-hal/stm32f4xx_hal.o
 .debug_macro   0x0000c809      0x14c ./system/src/stm32f4-hal/stm32f4xx_hal.o
 .debug_macro   0x0000c955      0x3c2 ./system/src/stm32f4-hal/stm32f4xx_hal.o
 .debug_macro   0x0000cd17       0x22 ./system/src/stm32f4-hal/stm32f4xx_hal.o
 .debug_macro   0x0000cd39      0x11f ./system/src/stm32f4-hal/stm32f4xx_hal.o
 .debug_macro   0x0000ce58       0xcd ./system/src/stm32f4-hal/stm32f4xx_hal.o
 .debug_macro   0x0000cf25      0x1d1 ./system/src/stm32f4-hal/stm32f4xx_hal.o
 .debug_macro   0x0000d0f6      0xde0 ./system/src/stm32f4-hal/stm32f4xx_hal.o
 .debug_macro   0x0000ded6      0x132 ./system/src/stm32f4-hal/stm32f4xx_hal.o
 .debug_macro   0x0000e008      0x217 ./system/src/stm32f4-hal/stm32f4xx_hal.o
 .debug_macro   0x0000e21f      0x503 ./system/src/stm32f4-hal/stm32f4xx_hal.o
 .debug_macro   0x0000e722       0x88 ./system/src/stm32f4-hal/stm32f4xx_hal.o
 .debug_macro   0x0000e7aa       0xd5 ./system/src/stm32f4-hal/stm32f4xx_hal.o
 .debug_macro   0x0000e87f       0xa1 ./system/src/stm32f4-hal/stm32f4xx_hal.o
 .debug_macro   0x0000e920      0x1e6 ./system/src/stm32f4-hal/stm32f4xx_hal.o
 .debug_macro   0x0000eb06      0x1ae ./system/src/stm32f4-hal/stm32f4xx_hal.o
 .debug_macro   0x0000ecb4       0xa4 ./system/src/stm32f4-hal/stm32f4xx_hal.o
 .debug_macro   0x0000ed58      0x16e ./system/src/stm32f4-hal/stm32f4xx_hal.o
 .debug_macro   0x0000eec6       0x52 ./system/src/stm32f4-hal/stm32f4xx_hal.o
 .debug_macro   0x0000ef18       0x6c ./system/src/stm32f4-hal/stm32f4xx_hal.o
 .debug_macro   0x0000ef84      0x3d7 ./system/src/stm32f4-hal/stm32f4xx_hal.o
 .debug_macro   0x0000f35b      0x313 ./system/src/stm32f4-hal/stm32f4xx_hal.o
 .debug_macro   0x0000f66e      0x4b7 ./system/src/stm32f4-hal/stm32f4xx_hal.o
 .debug_macro   0x0000fb25      0x22b ./system/src/stm32f4-hal/stm32f4xx_hal.o
 .debug_macro   0x0000fd50      0x1d1 ./system/src/stm32f4-hal/stm32f4xx_hal.o
 .debug_macro   0x0000ff21      0x84c ./system/src/stm32f4-hal/stm32f4xx_hal.o
 .debug_macro   0x0001076d       0x4d ./system/src/stm32f4-hal/stm32f4xx_hal.o
 .debug_macro   0x000107ba      0x23a ./system/src/stm32f4-hal/stm32f4xx_hal.o
 .debug_macro   0x000109f4      0x1d8 ./system/src/stm32f4-hal/stm32f4xx_hal.o
 .debug_macro   0x00010bcc      0x168 ./system/src/stm32f4-hal/stm32f4xx_hal.o
 .debug_macro   0x00010d34      0x1d8 ./system/src/stm32f4-hal/stm32f4xx_hal.o
 .debug_macro   0x00010f0c       0x85 ./system/src/stm32f4-hal/stm32f4xx_hal.o
 .debug_macro   0x00010f91      0x1df ./system/src/stm32f4-hal/stm32f4xx_hal.o
 .debug_macro   0x00011170      0x108 ./system/src/stm32f4-hal/stm32f4xx_hal.o
 .debug_macro   0x00011278       0x12 ./system/src/stm32f4-hal/stm32f4xx_hal.o
 .debug_macro   0x0001128a       0x74 ./system/src/stm32f4-hal/stm32f4xx_hal.o
 .debug_macro   0x000112fe      0x126 ./system/src/stm32f4-hal/stm32f4xx_hal.o
 .debug_macro   0x00011424      0x303 ./system/src/stm32f4-hal/stm32f4xx_hal_cortex.o
 .debug_macro   0x00011727      0x342 ./system/src/stm32f4-hal/stm32f4xx_hal_gpio.o
 .debug_macro   0x00011a69      0x345 ./system/src/stm32f4-hal/stm32f4xx_hal_rcc.o
 .debug_macro   0x00011dae      0x11b ./system/src/newlib/_exit.o
 .debug_macro   0x00011ec9       0xa3 ./system/src/newlib/_exit.o
 .debug_macro   0x00011f6c      0x10e ./system/src/newlib/_exit.o
 .debug_macro   0x0001207a       0x86 ./system/src/newlib/_exit.o
 .debug_macro   0x00012100       0x43 ./system/src/newlib/_exit.o
 .debug_macro   0x00012143       0x10 ./system/src/newlib/_exit.o
 .debug_macro   0x00012153       0x35 ./system/src/newlib/_exit.o
 .debug_macro   0x00012188       0xd1 ./system/src/newlib/_sbrk.o
 .debug_macro   0x00012259       0x19 ./system/src/newlib/_sbrk.o
 .debug_macro   0x00012272      0x16d ./system/src/newlib/_sbrk.o
 .debug_macro   0x000123df       0x10 ./system/src/newlib/_sbrk.o
 .debug_macro   0x000123ef      0x23b ./system/src/newlib/_sbrk.o
 .debug_macro   0x0001262a       0xe7 ./system/src/newlib/_startup.o
 .debug_macro   0x00012711      0x169 ./system/src/newlib/_syscalls.o
 .debug_macro   0x0001287a       0x1c ./system/src/newlib/_syscalls.o
 .debug_macro   0x00012896       0x10 ./system/src/newlib/_syscalls.o
 .debug_macro   0x000128a6       0x10 ./system/src/newlib/_syscalls.o
 .debug_macro   0x000128b6       0x10 ./system/src/newlib/_syscalls.o
 .debug_macro   0x000128c6       0x35 ./system/src/newlib/_syscalls.o
 .debug_macro   0x000128fb      0x120 ./system/src/newlib/_syscalls.o
 .debug_macro   0x00012a1b       0x22 ./system/src/newlib/_syscalls.o
 .debug_macro   0x00012a3d       0x2b ./system/src/newlib/_syscalls.o
 .debug_macro   0x00012a68      0x118 ./system/src/newlib/_syscalls.o
 .debug_macro   0x00012b80      0x13a ./system/src/newlib/_syscalls.o
 .debug_macro   0x00012cba       0x16 ./system/src/newlib/_syscalls.o
 .debug_macro   0x00012cd0      0x137 ./system/src/newlib/assert.o
 .debug_macro   0x00012e07       0x1c ./system/src/newlib/assert.o
 .debug_macro   0x00012e23      0x20f ./system/src/newlib/assert.o
 .debug_macro   0x00013032      0x15a ./system/src/diag/Trace.o
 .debug_macro   0x0001318c       0x16 ./system/src/diag/Trace.o
 .debug_macro   0x000131a2       0x97 ./system/src/diag/Trace.o
 .debug_macro   0x00013239       0x10 ./system/src/diag/Trace.o
 .debug_macro   0x00013249       0xf6 ./system/src/diag/Trace.o
 .debug_macro   0x0001333f       0x16 ./system/src/diag/Trace.o
 .debug_macro   0x00013355      0x16c ./system/src/diag/Trace.o
 .debug_macro   0x000134c1       0x52 ./system/src/diag/Trace.o
 .debug_macro   0x00013513      0x283 ./system/src/diag/Trace.o
 .debug_macro   0x00013796       0x10 ./system/src/diag/Trace.o
 .debug_macro   0x000137a6       0x1f ./system/src/diag/Trace.o
 .debug_macro   0x000137c5      0x3c7 ./system/src/diag/trace_impl.o
 .debug_macro   0x00013b8c       0x1b ./system/src/cortexm/exception_handlers.o
 .debug_macro   0x00013ba7      0x309 ./system/src/cmsis/system_stm32f4xx.o
 .debug_macro   0x00013eb0       0x1b ./system/src/cmsis/vectors_stm32f4xx.o
 .debug_macro   0x00013ecb      0x303 ./src/_initialize_hardware.o
 .debug_macro   0x000141ce      0x3f9 ./src/main.o
 .debug_macro   0x000145c7       0x51 ./src/main.o
 .debug_macro   0x00014618       0x28 ./src/main.o
 .debug_macro   0x00014640      0x3c6 ./bsp/bsp.o
 .debug_macro   0x00014a06      0x3c6 ./bsp/it.o
